error[E0080]: it is undefined behavior to use this value
  --> $DIR/mutable_references_err.rs:17:1
   |
LL | / const MUH: Meh = Meh {
LL | |     x: &UnsafeCell::new(42),
LL | | };
   | |__^ type validation failed: encountered `UnsafeCell` in a `const` at .x.<deref>
   |
   = note: The rules on what exactly is undefined behavior aren't clear, so this check might be overzealous. Please open an issue on the rustc repository if you believe it should not be considered undefined behavior.
   = note: the raw bytes of the constant (size: 8, align: 8) {
               ╾───────alloc2────────╼                         │ ╾──────╼
           }

error[E0080]: it is undefined behavior to use this value
  --> $DIR/mutable_references_err.rs:27:1
   |
LL | const SNEAKY: &dyn Sync = &Synced { x: UnsafeCell::new(42) };
   | ^^^^^^^^^^^^^^^^^^^^^^^^^^^^^^^^^^^^^^^^^^^^^^^^^^^^^^^^^^^^^ type validation failed: encountered `UnsafeCell` in a `const` at .<deref>.<dyn-downcast>.x
   |
   = note: The rules on what exactly is undefined behavior aren't clear, so this check might be overzealous. Please open an issue on the rustc repository if you believe it should not be considered undefined behavior.
   = note: the raw bytes of the constant (size: 16, align: 8) {
               ╾───────alloc6────────╼ ╾───────alloc7────────╼ │ ╾──────╼╾──────╼
           }

error[E0080]: it is undefined behavior to use this value
  --> $DIR/mutable_references_err.rs:31:1
   |
LL | const BLUNT: &mut i32 = &mut 42;
   | ^^^^^^^^^^^^^^^^^^^^^^^^^^^^^^^^ type validation failed: encountered mutable reference in a `const`
   |
   = note: The rules on what exactly is undefined behavior aren't clear, so this check might be overzealous. Please open an issue on the rustc repository if you believe it should not be considered undefined behavior.
   = note: the raw bytes of the constant (size: 8, align: 8) {
               ╾───────alloc10───────╼                         │ ╾──────╼
           }

warning: skipping const checks
   |
help: skipping check that does not even have a feature gate
  --> $DIR/mutable_references_err.rs:18:8
   |
LL |     x: &UnsafeCell::new(42),
   |        ^^^^^^^^^^^^^^^^^^^^
help: skipping check that does not even have a feature gate
  --> $DIR/mutable_references_err.rs:27:27
   |
LL | const SNEAKY: &dyn Sync = &Synced { x: UnsafeCell::new(42) };
   |                           ^^^^^^^^^^^^^^^^^^^^^^^^^^^^^^^^^^
help: skipping check that does not even have a feature gate
  --> $DIR/mutable_references_err.rs:31:25
   |
LL | const BLUNT: &mut i32 = &mut 42;
   |                         ^^^^^^^

error: aborting due to 3 previous errors; 1 warning emitted

For more information about this error, try `rustc --explain E0080`.
