error: higher-ranked subtype error
  --> $DIR/issue-57843.rs:25:9
   |
LL |     Foo(Box::new(|_| ()));
   |         ^^^^^^^^^^^^^^^^

error: aborting due to previous error

