error: unconstrained generic constant
  --> $DIR/different-fn.rs:10:9
   |
LL |     [0; size_of::<Foo<T>>()]
   |         ^^^^^^^^^^^^^^^^^^^
   |
   = help: try adding a `where` bound using this expression: `where [(); size_of::<Foo<T>>()]:`

error: aborting due to previous error

