error[E0275]: overflow evaluating the requirement `Map<&mut Map<&mut Map<&mut Map<&mut Map<&mut Map<&mut Map<&mut Map<&mut Map<&mut Map<&mut Map<&mut Map<&mut Map<&mut Map<&mut Map<&mut Map<&mut Map<&mut Map<&mut Map<&mut Map<&mut Map<&mut Map<&mut Map<&mut Map<&mut Map<&mut Map<&mut Map<&mut Map<&mut Map<&mut Map<&mut Map<&mut Map<&mut Map<&mut Map<&mut Map<&mut Map<&mut Map<&mut Map<&mut Map<&mut Map<&mut Map<&mut Map<&mut Map<&mut Map<&mut Map<&mut Map<&mut Map<&mut Map<&mut Map<&mut Map<&mut Map<&mut Map<&mut Map<&mut Map<&mut Map<&mut Map<&mut Map<&mut Map<&mut Map<&mut Map<&mut Map<&mut Map<&mut Map<&mut Map<&mut std::ops::Range<u8>, [closure@$DIR/issue-83150.rs:10:24: 10:33]>, [closure@$DIR/issue-83150.rs:10:24: 10:33]>, [closure@$DIR/issue-83150.rs:10:24: 10:33]>, [closure@$DIR/issue-83150.rs:10:24: 10:33]>, [closure@$DIR/issue-83150.rs:10:24: 10:33]>, [closure@$DIR/issue-83150.rs:10:24: 10:33]>, [closure@$DIR/issue-83150.rs:10:24: 10:33]>, [closure@$DIR/issue-83150.rs:10:24: 10:33]>, [closure@$DIR/issue-83150.rs:10:24: 10:33]>, [closure@$DIR/issue-83150.rs:10:24: 10:33]>, [closure@$DIR/issue-83150.rs:10:24: 10:33]>, [closure@$DIR/issue-83150.rs:10:24: 10:33]>, [closure@$DIR/issue-83150.rs:10:24: 10:33]>, [closure@$DIR/issue-83150.rs:10:24: 10:33]>, [closure@$DIR/issue-83150.rs:10:24: 10:33]>, [closure@$DIR/issue-83150.rs:10:24: 10:33]>, [closure@$DIR/issue-83150.rs:10:24: 10:33]>, [closure@$DIR/issue-83150.rs:10:24: 10:33]>, [closure@$DIR/issue-83150.rs:10:24: 10:33]>, [closure@$DIR/issue-83150.rs:10:24: 10:33]>, [closure@$DIR/issue-83150.rs:10:24: 10:33]>, [closure@$DIR/issue-83150.rs:10:24: 10:33]>, [closure@$DIR/issue-83150.rs:10:24: 10:33]>, [closure@$DIR/issue-83150.rs:10:24: 10:33]>, [closure@$DIR/issue-83150.rs:10:24: 10:33]>, [closure@$DIR/issue-83150.rs:10:24: 10:33]>, [closure@$DIR/issue-83150.rs:10:24: 10:33]>, [closure@$DIR/issue-83150.rs:10:24: 10:33]>, [closure@$DIR/issue-83150.rs:10:24: 10:33]>, [closure@$DIR/issue-83150.rs:10:24: 10:33]>, [closure@$DIR/issue-83150.rs:10:24: 10:33]>, [closure@$DIR/issue-83150.rs:10:24: 10:33]>, [closure@$DIR/issue-83150.rs:10:24: 10:33]>, [closure@$DIR/issue-83150.rs:10:24: 10:33]>, [closure@$DIR/issue-83150.rs:10:24: 10:33]>, [closure@$DIR/issue-83150.rs:10:24: 10:33]>, [closure@$DIR/issue-83150.rs:10:24: 10:33]>, [closure@$DIR/issue-83150.rs:10:24: 10:33]>, [closure@$DIR/issue-83150.rs:10:24: 10:33]>, [closure@$DIR/issue-83150.rs:10:24: 10:33]>, [closure@$DIR/issue-83150.rs:10:24: 10:33]>, [closure@$DIR/issue-83150.rs:10:24: 10:33]>, [closure@$DIR/issue-83150.rs:10:24: 10:33]>, [closure@$DIR/issue-83150.rs:10:24: 10:33]>, [closure@$DIR/issue-83150.rs:10:24: 10:33]>, [closure@$DIR/issue-83150.rs:10:24: 10:33]>, [closure@$DIR/issue-83150.rs:10:24: 10:33]>, [closure@$DIR/issue-83150.rs:10:24: 10:33]>, [closure@$DIR/issue-83150.rs:10:24: 10:33]>, [closure@$DIR/issue-83150.rs:10:24: 10:33]>, [closure@$DIR/issue-83150.rs:10:24: 10:33]>, [closure@$DIR/issue-83150.rs:10:24: 10:33]>, [closure@$DIR/issue-83150.rs:10:24: 10:33]>, [closure@$DIR/issue-83150.rs:10:24: 10:33]>, [closure@$DIR/issue-83150.rs:10:24: 10:33]>, [closure@$DIR/issue-83150.rs:10:24: 10:33]>, [closure@$DIR/issue-83150.rs:10:24: 10:33]>, [closure@$DIR/issue-83150.rs:10:24: 10:33]>, [closure@$DIR/issue-83150.rs:10:24: 10:33]>, [closure@$DIR/issue-83150.rs:10:24: 10:33]>, [closure@$DIR/issue-83150.rs:10:24: 10:33]>, [closure@$DIR/issue-83150.rs:10:24: 10:33]>, [closure@$DIR/issue-83150.rs:10:24: 10:33]>, [closure@$DIR/issue-83150.rs:10:24: 10:33]>: Iterator`
   |
   = help: consider adding a `#![recursion_limit="256"]` attribute to your crate (`issue_83150`)
   = note: required because of the requirements on the impl of `Iterator` for `&mut Map<&mut Map<&mut Map<&mut Map<&mut Map<&mut Map<&mut Map<&mut Map<&mut Map<&mut Map<&mut Map<&mut Map<&mut Map<&mut Map<&mut Map<&mut Map<&mut Map<&mut Map<&mut Map<&mut Map<&mut Map<&mut Map<&mut Map<&mut Map<&mut Map<&mut Map<&mut Map<&mut Map<&mut Map<&mut Map<&mut Map<&mut Map<&mut Map<&mut Map<&mut Map<&mut Map<&mut Map<&mut Map<&mut Map<&mut Map<&mut Map<&mut Map<&mut Map<&mut Map<&mut Map<&mut Map<&mut Map<&mut Map<&mut Map<&mut Map<&mut Map<&mut Map<&mut Map<&mut Map<&mut Map<&mut Map<&mut Map<&mut Map<&mut Map<&mut Map<&mut Map<&mut Map<&mut Map<&mut Map<&mut std::ops::Range<u8>, [closure@$DIR/issue-83150.rs:10:24: 10:33]>, [closure@$DIR/issue-83150.rs:10:24: 10:33]>, [closure@$DIR/issue-83150.rs:10:24: 10:33]>, [closure@$DIR/issue-83150.rs:10:24: 10:33]>, [closure@$DIR/issue-83150.rs:10:24: 10:33]>, [closure@$DIR/issue-83150.rs:10:24: 10:33]>, [closure@$DIR/issue-83150.rs:10:24: 10:33]>, [closure@$DIR/issue-83150.rs:10:24: 10:33]>, [closure@$DIR/issue-83150.rs:10:24: 10:33]>, [closure@$DIR/issue-83150.rs:10:24: 10:33]>, [closure@$DIR/issue-83150.rs:10:24: 10:33]>, [closure@$DIR/issue-83150.rs:10:24: 10:33]>, [closure@$DIR/issue-83150.rs:10:24: 10:33]>, [closure@$DIR/issue-83150.rs:10:24: 10:33]>, [closure@$DIR/issue-83150.rs:10:24: 10:33]>, [closure@$DIR/issue-83150.rs:10:24: 10:33]>, [closure@$DIR/issue-83150.rs:10:24: 10:33]>, [closure@$DIR/issue-83150.rs:10:24: 10:33]>, [closure@$DIR/issue-83150.rs:10:24: 10:33]>, [closure@$DIR/issue-83150.rs:10:24: 10:33]>, [closure@$DIR/issue-83150.rs:10:24: 10:33]>, [closure@$DIR/issue-83150.rs:10:24: 10:33]>, [closure@$DIR/issue-83150.rs:10:24: 10:33]>, [closure@$DIR/issue-83150.rs:10:24: 10:33]>, [closure@$DIR/issue-83150.rs:10:24: 10:33]>, [closure@$DIR/issue-83150.rs:10:24: 10:33]>, [closure@$DIR/issue-83150.rs:10:24: 10:33]>, [closure@$DIR/issue-83150.rs:10:24: 10:33]>, [closure@$DIR/issue-83150.rs:10:24: 10:33]>, [closure@$DIR/issue-83150.rs:10:24: 10:33]>, [closure@$DIR/issue-83150.rs:10:24: 10:33]>, [closure@$DIR/issue-83150.rs:10:24: 10:33]>, [closure@$DIR/issue-83150.rs:10:24: 10:33]>, [closure@$DIR/issue-83150.rs:10:24: 10:33]>, [closure@$DIR/issue-83150.rs:10:24: 10:33]>, [closure@$DIR/issue-83150.rs:10:24: 10:33]>, [closure@$DIR/issue-83150.rs:10:24: 10:33]>, [closure@$DIR/issue-83150.rs:10:24: 10:33]>, [closure@$DIR/issue-83150.rs:10:24: 10:33]>, [closure@$DIR/issue-83150.rs:10:24: 10:33]>, [closure@$DIR/issue-83150.rs:10:24: 10:33]>, [closure@$DIR/issue-83150.rs:10:24: 10:33]>, [closure@$DIR/issue-83150.rs:10:24: 10:33]>, [closure@$DIR/issue-83150.rs:10:24: 10:33]>, [closure@$DIR/issue-83150.rs:10:24: 10:33]>, [closure@$DIR/issue-83150.rs:10:24: 10:33]>, [closure@$DIR/issue-83150.rs:10:24: 10:33]>, [closure@$DIR/issue-83150.rs:10:24: 10:33]>, [closure@$DIR/issue-83150.rs:10:24: 10:33]>, [closure@$DIR/issue-83150.rs:10:24: 10:33]>, [closure@$DIR/issue-83150.rs:10:24: 10:33]>, [closure@$DIR/issue-83150.rs:10:24: 10:33]>, [closure@$DIR/issue-83150.rs:10:24: 10:33]>, [closure@$DIR/issue-83150.rs:10:24: 10:33]>, [closure@$DIR/issue-83150.rs:10:24: 10:33]>, [closure@$DIR/issue-83150.rs:10:24: 10:33]>, [closure@$DIR/issue-83150.rs:10:24: 10:33]>, [closure@$DIR/issue-83150.rs:10:24: 10:33]>, [closure@$DIR/issue-83150.rs:10:24: 10:33]>, [closure@$DIR/issue-83150.rs:10:24: 10:33]>, [closure@$DIR/issue-83150.rs:10:24: 10:33]>, [closure@$DIR/issue-83150.rs:10:24: 10:33]>, [closure@$DIR/issue-83150.rs:10:24: 10:33]>, [closure@$DIR/issue-83150.rs:10:24: 10:33]>`

error: aborting due to previous error

For more information about this error, try `rustc --explain E0275`.
